[pixner.net/paylio/paylio-dashboard/pay.html]
[backblue.gif]
[fade.gif]
[index.html]
[pixner.net/paylio/paylio-dashboard/assets/images/fav.png]
[pixner.net/paylio/paylio-dashboard/assets/css/bootstrap.min.css]
[pixner.net/paylio/paylio-dashboard/assets/css/fontawesome.min.css]
[pixner.net/paylio/paylio-dashboard/assets/css/jquery-ui.css]
[pixner.net/paylio/paylio-dashboard/assets/css/plugin/nice-select.css]
[pixner.net/paylio/paylio-dashboard/assets/css/arafat-font.css]
[pixner.net/paylio/paylio-dashboard/assets/css/plugin/animate.css]
[pixner.net/paylio/paylio-dashboard/assets/css/style.css]
[pixner.net/paylio/paylio-dashboard/assets/images/icon/menu.png]
[pixner.net/paylio/paylio-dashboard/assets/images/icon/search.png]
[pixner.net/paylio/paylio-dashboard/assets/images/icon/lang.png]
[pixner.net/paylio/paylio-dashboard/assets/images/icon/bell.png]
[pixner.net/paylio/paylio-dashboard/assets/images/user-1.png]
[pixner.net/paylio/paylio-dashboard/assets/images/user-2.png]
[pixner.net/paylio/paylio-dashboard/assets/images/master-card.png]
[pixner.net/paylio/paylio-dashboard/assets/images/user-3.png]
[pixner.net/paylio/paylio-dashboard/assets/images/avatar.png]
[pixner.net/paylio/paylio-dashboard/assets/images/avatar-2.png]
[pixner.net/paylio/paylio-dashboard/account.html]
[pixner.net/paylio/paylio-dashboard/dashboard.html]
[pixner.net/paylio/paylio-dashboard/assets/images/logo.png]
[pixner.net/paylio/paylio-dashboard/assets/images/icon/dashboard.png]
[pixner.net/paylio/paylio-dashboard/transactions.html]
[pixner.net/paylio/paylio-dashboard/assets/images/icon/transactions.png]
[pixner.net/paylio/paylio-dashboard/assets/images/icon/pay.png]
[pixner.net/paylio/paylio-dashboard/receive-step-1.html]
[pixner.net/paylio/paylio-dashboard/assets/images/icon/receive.png]
[pixner.net/paylio/paylio-dashboard/money-exchange.html]
[pixner.net/paylio/paylio-dashboard/assets/images/icon/exchange.png]
[pixner.net/paylio/paylio-dashboard/recipients.html]
[pixner.net/paylio/paylio-dashboard/assets/images/icon/recipients.png]
[pixner.net/paylio/paylio-dashboard/crypto.html]
[pixner.net/paylio/paylio-dashboard/assets/images/icon/crypto.png]
[pixner.net/paylio/paylio-dashboard/deposit-money.html]
[pixner.net/paylio/paylio-dashboard/assets/images/icon/deposit.png]
[pixner.net/paylio/paylio-dashboard/withdraw-money-step-1.html]
[pixner.net/paylio/paylio-dashboard/assets/images/icon/withdraw.png]
[pixner.net/paylio/paylio-dashboard/assets/images/icon/account.png]
[pixner.net/paylio/paylio-dashboard/assets/images/icon/support.png]
[pixner.net/paylio/paylio-dashboard/assets/images/icon/quit.png]
[pixner.net/paylio/paylio-dashboard/assets/images/invite-now-illus.png]
[pixner.net/paylio/paylio-dashboard/assets/images/icon/support-icon.png]
[pixner.net/paylio/paylio-dashboard/pay-step-1.html]
[pixner.net/paylio/paylio-dashboard/assets/images/icon/paylio-account-icon.png]
[pixner.net/paylio/paylio-dashboard/assets/images/icon/bank-account-icon.png]
[pixner.net/paylio/paylio-dashboard/assets/js/jquery.min.js]
[pixner.net/paylio/paylio-dashboard/assets/js/bootstrap.min.js]
[pixner.net/paylio/paylio-dashboard/assets/js/plugin/apexcharts.js]
[pixner.net/paylio/paylio-dashboard/assets/js/jquery-ui.js]
[pixner.net/paylio/paylio-dashboard/assets/js/plugin/jquery.nice-select.min.js]
[pixner.net/paylio/paylio-dashboard/assets/js/plugin/waypoint.min.js]
[pixner.net/paylio/paylio-dashboard/assets/js/plugin/wow.min.js]
[pixner.net/paylio/paylio-dashboard/assets/js/plugin/plugin.js]
[pixner.net/paylio/paylio-dashboard/assets/js/main.js]
[pixner.net/paylio/paylio-dashboard/pay.html]
[pixner.net/paylio/paylio-dashboard/assets/css/bootstrap.min.css]
[pixner.net/paylio/paylio-dashboard/assets/webfonts/fa-brands-400.woff2]
[pixner.net/paylio/paylio-dashboard/assets/webfonts/fa-brands-400.ttf]
[pixner.net/paylio/paylio-dashboard/assets/webfonts/fa-regular-400.woff2]
[pixner.net/paylio/paylio-dashboard/assets/webfonts/fa-regular-400.ttf]
[pixner.net/paylio/paylio-dashboard/assets/webfonts/fa-solid-900.woff2]
[pixner.net/paylio/paylio-dashboard/assets/webfonts/fa-solid-900.ttf]
[pixner.net/paylio/paylio-dashboard/assets/webfonts/fa-v4compatibility.woff2]
[pixner.net/paylio/paylio-dashboard/assets/webfonts/fa-v4compatibility.ttf]
[pixner.net/paylio/paylio-dashboard/assets/css/fontawesome.min.css]
[pixner.net/paylio/paylio-dashboard/assets/css/images/ui-icons_444444_256x240.png]
[pixner.net/paylio/paylio-dashboard/assets/css/images/ui-icons_555555_256x240.png]
[pixner.net/paylio/paylio-dashboard/assets/css/images/ui-icons_ffffff_256x240.png]
[pixner.net/paylio/paylio-dashboard/assets/css/images/ui-icons_777620_256x240.png]
[pixner.net/paylio/paylio-dashboard/assets/css/images/ui-icons_cc0000_256x240.png]
[pixner.net/paylio/paylio-dashboard/assets/css/images/ui-icons_777777_256x240.png]
[pixner.net/paylio/paylio-dashboard/assets/css/jquery-ui.css]
[pixner.net/paylio/paylio-dashboard/assets/css/plugin/apexcharts.css]
[pixner.net/paylio/paylio-dashboard/assets/css/plugin/nice-select.css]
[pixner.net/paylio/paylio-dashboard/assets/webfonts/arafat-font.eot]
[pixner.net/paylio/paylio-dashboard/assets/webfonts/arafat-fontd41d.eot]
[pixner.net/paylio/paylio-dashboard/assets/webfonts/arafat-font.woff]
[pixner.net/paylio/paylio-dashboard/assets/webfonts/arafat-font.ttf]
[pixner.net/paylio/paylio-dashboard/assets/webfonts/arafat-font.svg]
[pixner.net/paylio/paylio-dashboard/assets/css/arafat-font.css]
[pixner.net/paylio/paylio-dashboard/assets/css/plugin/animate.css]
[pixner.net/paylio/paylio-dashboard/assets/images/preloader.gif]
[pixner.net/paylio/paylio-dashboard/assets/images/icon/flag-usa.png]
[pixner.net/paylio/paylio-dashboard/assets/images/icon/exchange-icon.png]
[pixner.net/paylio/paylio-dashboard/assets/images/icon/flag-bd.png]
[pixner.net/paylio/paylio-dashboard/assets/images/icon/upload-icons.png]
[pixner.net/paylio/paylio-dashboard/assets/images/icon/flag-btc.png]
[pixner.net/paylio/paylio-dashboard/assets/images/icon/check.png]
[pixner.net/paylio/paylio-dashboard/assets/images/icon/check-2.png]
[pixner.net/paylio/paylio-dashboard/assets/css/style.css]
[pixner.net/paylio/paylio-dashboard/assets/images/owner-profile.png]
[pixner.net/paylio/paylio-dashboard/assets/images/icon/logout.png]
[pixner.net/paylio/paylio-dashboard/assets/images/icon/delete-2.png]
[pixner.net/paylio/paylio-dashboard/assets/images/owner-profile-2.png]
[pixner.net/paylio/paylio-dashboard/assets/images/icon/pending.png]
[pixner.net/paylio/paylio-dashboard/assets/images/icon/confirm.png]
[pixner.net/paylio/paylio-dashboard/assets/images/icon/not-confirm.png]
[pixner.net/paylio/paylio-dashboard/assets/images/icon/iphone.png]
[pixner.net/paylio/paylio-dashboard/assets/images/icon/ipad.png]
[pixner.net/paylio/paylio-dashboard/assets/images/icon/imac.png]
[pixner.net/paylio/paylio-dashboard/assets/images/visa-card.png]
[pixner.net/paylio/paylio-dashboard/assets/images/paylio-card.png]
[pixner.net/paylio/paylio-dashboard/assets/images/paypal-card.png]
[pixner.net/paylio/paylio-dashboard/assets/images/blockchain-card.png]
[pixner.net/paylio/paylio-dashboard/assets/images/add-new.png]
[pixner.net/paylio/paylio-dashboard/assets/images/popup-card.png]
[pixner.net/paylio/paylio-dashboard/assets/images/icon/mastercard.png]
[pixner.net/paylio/paylio-dashboard/account.html]
[pixner.net/paylio/paylio-dashboard/assets/images/icon/option.png]
[pixner.net/paylio/paylio-dashboard/assets/images/icon/right-arrow.png]
[pixner.net/paylio/paylio-dashboard/assets/images/recipients-1.png]
[pixner.net/paylio/paylio-dashboard/assets/images/recipients-2.png]
[pixner.net/paylio/paylio-dashboard/assets/images/recipients-3.png]
[pixner.net/paylio/paylio-dashboard/assets/images/recipients-4.png]
[pixner.net/paylio/paylio-dashboard/assets/images/visa-card-2.png]
[pixner.net/paylio/paylio-dashboard/assets/images/icon/limit.png]
[pixner.net/paylio/paylio-dashboard/assets/images/icon/remove.png]
[pixner.net/paylio/paylio-dashboard/assets/images/icon/transaction-details-icon.png]
[pixner.net/paylio/paylio-dashboard/dashboard.html]
[pixner.net/paylio/paylio-dashboard/assets/images/icon/printer.png]
[pixner.net/paylio/paylio-dashboard/assets/images/icon/excel.png]
[pixner.net/paylio/paylio-dashboard/assets/images/icon/pdf.png]
[pixner.net/paylio/paylio-dashboard/assets/images/icon/csv.png]
[pixner.net/paylio/paylio-dashboard/transactions.html]
[pixner.net/paylio/paylio-dashboard/assets/images/profile-1.png]
[pixner.net/paylio/paylio-dashboard/assets/images/profile-2.png]
[pixner.net/paylio/paylio-dashboard/assets/images/profile-3.png]
[pixner.net/paylio/paylio-dashboard/receive-step-2.html]
[pixner.net/paylio/paylio-dashboard/assets/images/icon/company-icon.png]
[pixner.net/paylio/paylio-dashboard/assets/images/icon/individual-icon.png]
[pixner.net/paylio/paylio-dashboard/assets/images/icon/add-recipients.png]
[pixner.net/paylio/paylio-dashboard/receive-step-1.html]
[pixner.net/cdn-cgi/scripts/5c5dd728/cloudflare-static/email-decode.min.js]
[pixner.net/paylio/paylio-dashboard/money-exchange.html]
[pixner.net/paylio/paylio-dashboard/money-exchange-step-1.html]
[pixner.net/paylio/paylio-dashboard/assets/images/table-img-1.png]
[pixner.net/paylio/paylio-dashboard/assets/images/table-img-2.png]
[pixner.net/paylio/paylio-dashboard/assets/images/table-img-3.png]
[pixner.net/paylio/paylio-dashboard/assets/images/table-img-4.png]
[pixner.net/paylio/paylio-dashboard/assets/images/table-img-5.png]
[pixner.net/paylio/paylio-dashboard/assets/images/table-img-6.png]
[pixner.net/paylio/paylio-dashboard/assets/images/table-img-7.png]
[pixner.net/paylio/paylio-dashboard/assets/images/table-img-8.png]
[pixner.net/paylio/paylio-dashboard/assets/images/table-img-9.png]
[pixner.net/paylio/paylio-dashboard/assets/images/table-img-10.png]
[pixner.net/paylio/paylio-dashboard/assets/images/recipients-user.png]
[pixner.net/paylio/paylio-dashboard/assets/images/icon/send-funds.png]
[pixner.net/paylio/paylio-dashboard/assets/images/icon/request-funds.png]
[pixner.net/paylio/paylio-dashboard/assets/images/icon/transfer-limit.png]
[pixner.net/paylio/paylio-dashboard/assets/images/icon/delete.png]
[pixner.net/paylio/paylio-dashboard/recipients.html]
[pixner.net/paylio/paylio-dashboard/buy-crypto.html]
[pixner.net/paylio/paylio-dashboard/assets/images/icon/buy-crypto.png]
[pixner.net/paylio/paylio-dashboard/assets/images/icon/sell-crypto.png]
[pixner.net/paylio/paylio-dashboard/crypto.html]
[pixner.net/paylio/paylio-dashboard/deposit-money.html]
[pixner.net/paylio/paylio-dashboard/deposit-money-2.html]
[pixner.net/paylio/paylio-dashboard/withdraw-money-step-2.html]
[pixner.net/paylio/paylio-dashboard/assets/images/icon/success.png]
[pixner.net/paylio/paylio-dashboard/withdraw-money-step-1.html]
[pixner.net/paylio/paylio-dashboard/pay-step-2.html]
[pixner.net/paylio/paylio-dashboard/assets/images/user-profile.png]
[pixner.net/paylio/paylio-dashboard/pay-step-1.html]
[pixner.net/paylio/paylio-dashboard/assets/css/images/ui-icons_444444_256x240.html]
[pixner.net/paylio/paylio-dashboard/assets/css/images/ui-icons_555555_256x240.html]
[pixner.net/paylio/paylio-dashboard/assets/css/images/ui-icons_ffffff_256x240.html]
[pixner.net/paylio/paylio-dashboard/assets/css/images/ui-icons_777620_256x240.html]
[pixner.net/paylio/paylio-dashboard/assets/css/images/ui-icons_cc0000_256x240.html]
[pixner.net/paylio/paylio-dashboard/assets/css/images/ui-icons_777777_256x240.html]
[pixner.net/paylio/paylio-dashboard/assets/webfonts/arafat-font.svg]
[pixner.net/paylio/paylio-dashboard/receive-step-2.html]
[pixner.net/paylio/paylio-dashboard/receive-step-3.html]
[pixner.net/paylio/paylio-dashboard/money-exchange-step-1.html]
[pixner.net/paylio/paylio-dashboard/money-exchange-step-2.html]
[pixner.net/paylio/paylio-dashboard/buy-crypto-2.html]
[pixner.net/paylio/paylio-dashboard/assets/images/icon/bitcoin.png]
[pixner.net/paylio/paylio-dashboard/assets/images/icon/ethereum.png]
[pixner.net/paylio/paylio-dashboard/assets/images/icon/eos.png]
[pixner.net/paylio/paylio-dashboard/assets/images/icon/tether.png]
[pixner.net/paylio/paylio-dashboard/assets/images/icon/cardano.png]
[pixner.net/paylio/paylio-dashboard/assets/images/icon/dogecoin.png]
[pixner.net/paylio/paylio-dashboard/assets/images/icon/xrp.png]
[pixner.net/paylio/paylio-dashboard/assets/images/icon/polkadot.png]
[pixner.net/paylio/paylio-dashboard/assets/images/icon/usd.png]
[pixner.net/paylio/paylio-dashboard/assets/images/icon/uniswap.png]
[pixner.net/paylio/paylio-dashboard/buy-crypto.html]
[pixner.net/paylio/paylio-dashboard/deposit-money-3.html]
[pixner.net/paylio/paylio-dashboard/deposit-money-1.html]
[pixner.net/paylio/paylio-dashboard/deposit-money-2.html]
[pixner.net/paylio/paylio-dashboard/withdraw-money-step-2.html]
[pixner.net/paylio/paylio-dashboard/withdraw-money-step-3.html]
[pixner.net/paylio/paylio-dashboard/pay-step-2.html]
[pixner.net/paylio/paylio-dashboard/pay-step-3.html]
[pixner.net/paylio/paylio-dashboard/receive-step-3.html]
[pixner.net/paylio/paylio-dashboard/money-exchange-step-2.html]
[pixner.net/paylio/paylio-dashboard/payment-submitted.html]
[pixner.net/paylio/paylio-dashboard/buy-crypto-2.html]
[pixner.net/paylio/paylio-dashboard/deposit-money-3.html]
[pixner.net/paylio/paylio-dashboard/deposit-money-1.html]
[pixner.net/paylio/paylio-dashboard/withdraw-money-step-3.html]
[pixner.net/paylio/paylio-dashboard/pay-step-3.html]
[pixner.net/paylio/paylio-dashboard/buy-crypto-3.html]
[pixner.net/paylio/paylio-dashboard/assets/images/icon/submitted-icon.png]
[pixner.net/paylio/paylio-dashboard/assets/images/icon/whatsapp.png]
[pixner.net/paylio/paylio-dashboard/assets/images/icon/skype.png]
[pixner.net/paylio/paylio-dashboard/assets/images/icon/messenger.png]
[pixner.net/paylio/paylio-dashboard/assets/images/icon/copy-link.png]
[pixner.net/paylio/paylio-dashboard/payment-submitted.html]
[pixner.net/paylio/paylio-dashboard/buy-crypto-4.html]
[pixner.net/paylio/paylio-dashboard/assets/images/icon/spend-get.png]
[pixner.net/paylio/paylio-dashboard/assets/images/icon/paylio-card.png]
[pixner.net/paylio/paylio-dashboard/assets/images/icon/paypal.png]
[pixner.net/paylio/paylio-dashboard/assets/images/icon/credit-card.png]
[pixner.net/paylio/paylio-dashboard/buy-crypto-3.html]
[pixner.net/paylio/paylio-dashboard/buy-crypto-4.html]
