[backblue.gif]
[fade.gif]
[index.html]
[pixner.net/paylio/paylio-v1/assets/images/fav.png]
[pixner.net/paylio/paylio-v1/assets/css/bootstrap.min.css]
[pixner.net/paylio/paylio-v1/assets/css/fontawesome.min.css]
[pixner.net/paylio/paylio-v1/assets/css/jquery-ui.css]
[pixner.net/paylio/paylio-v1/assets/css/plugin/nice-select.css]
[pixner.net/paylio/paylio-v1/assets/css/plugin/magnific-popup.css]
[pixner.net/paylio/paylio-v1/assets/css/plugin/slick.css]
[pixner.net/paylio/paylio-v1/assets/css/arafat-font.css]
[pixner.net/paylio/paylio-v1/assets/css/plugin/animate.css]
[pixner.net/paylio/paylio-v1/assets/css/style.css]
[pixner.net/paylio/paylio-v1/index.html]
[pixner.net/paylio/paylio-v1/assets/images/logo.png]
[pixner.net/paylio/paylio-v1/subscriptions.html]
[pixner.net/paylio/paylio-v1/security.html]
[pixner.net/paylio/paylio-v1/fees.html]
[pixner.net/paylio/paylio-v1/business-account.html]
[pixner.net/paylio/paylio-v1/corporate-card.html]
[pixner.net/paylio/paylio-v1/expense-management.html]
[pixner.net/paylio/paylio-v1/budgeting-and-analytics.html]
[pixner.net/paylio/paylio-v1/integrations.html]
[pixner.net/paylio/paylio-v1/invoice-management.html]
[pixner.net/paylio/paylio-v1/rewards.html]
[pixner.net/paylio/paylio-v1/about-us.html]
[pixner.net/paylio/paylio-v1/career.html]
[pixner.net/paylio/paylio-v1/career-details.html]
[pixner.net/paylio/paylio-v1/blog.html]
[pixner.net/paylio/paylio-v1/blog-details.html]
[pixner.net/paylio/paylio-v1/error.html]
[pixner.net/paylio/paylio-v1/help-center.html]
[pixner.net/paylio/paylio-v1/help-center-category.html]
[pixner.net/paylio/paylio-v1/login.html]
[pixner.net/paylio/paylio-v1/sign-up.html]
[pixner.net/paylio/paylio-v1/assets/images/payment-illus-2.png]
[pixner.net/paylio/paylio-v1/assets/images/payment-illus.png]
[pixner.net/paylio/paylio-v1/assets/images/global-payment-2.png]
[pixner.net/paylio/paylio-v1/assets/images/icon/features-icon-1.png]
[pixner.net/paylio/paylio-v1/assets/images/icon/features-icon-2.png]
[pixner.net/paylio/paylio-v1/assets/images/icon/features-icon-3.html]
[pixner.net/paylio/paylio-v1/payments-01.html]
[pixner.net/paylio/paylio-v1/assets/css/bootstrap.min.css]
[pixner.net/paylio/paylio-v1/assets/css/fontawesome.min.css]
[pixner.net/paylio/paylio-v1/assets/css/jquery-ui.css]
[pixner.net/paylio/paylio-v1/assets/css/plugin/nice-select.css]
[pixner.net/paylio/paylio-v1/assets/css/plugin/magnific-popup.css]
[pixner.net/paylio/paylio-v1/assets/css/plugin/slick.css]
[pixner.net/paylio/paylio-v1/assets/css/arafat-font.css]
[pixner.net/paylio/paylio-v1/assets/css/plugin/animate.css]
[pixner.net/paylio/paylio-v1/assets/css/style.css]
[pixner.net/paylio/paylio-v1/index.html]
[pixner.net/paylio/paylio-v1/subscriptions.html]
[pixner.net/paylio/paylio-v1/security.html]
[pixner.net/paylio/paylio-v1/fees.html]
[pixner.net/paylio/paylio-v1/business-account.html]
[pixner.net/paylio/paylio-v1/corporate-card.html]
[pixner.net/paylio/paylio-v1/expense-management.html]
[pixner.net/paylio/paylio-v1/budgeting-and-analytics.html]
[pixner.net/paylio/paylio-v1/integrations.html]
[pixner.net/paylio/paylio-v1/invoice-management.html]
[pixner.net/paylio/paylio-v1/rewards.html]
[pixner.net/paylio/paylio-v1/about-us.html]
[pixner.net/paylio/paylio-v1/career.html]
[pixner.net/paylio/paylio-v1/career-details.html]
[pixner.net/paylio/paylio-v1/blog.html]
[pixner.net/paylio/paylio-v1/blog-details.html]
[pixner.net/paylio/paylio-v1/error.html]
[pixner.net/paylio/paylio-v1/help-center.html]
[pixner.net/paylio/paylio-v1/help-center-category.html]
[pixner.net/paylio/paylio-v1/login.html]
[pixner.net/paylio/paylio-v1/sign-up.html]
[pixner.net/paylio/paylio-v1/assets/images/icon/features-icon-4.html]
[pixner.net/paylio/paylio-v1/assets/images/icon/more-features-icon-1.html]
[pixner.net/paylio/paylio-v1/assets/images/icon/more-features-icon-2.html]
[pixner.net/paylio/paylio-v1/assets/images/icon/more-features-icon-3.html]
[pixner.net/paylio/paylio-v1/assets/images/accept-payment-img.html]
[pixner.net/paylio/paylio-v1/assets/images/icon/business-model-icon-1.html]
[pixner.net/paylio/paylio-v1/assets/images/icon/business-model-icon-2.html]
[pixner.net/paylio/paylio-v1/assets/images/icon/business-model-icon-3.html]
[pixner.net/paylio/paylio-v1/assets/images/icon/features-built-icon-1.html]
[pixner.net/paylio/paylio-v1/assets/images/icon/features-built-icon-2.html]
[pixner.net/paylio/paylio-v1/assets/images/icon/features-built-icon-3.html]
[pixner.net/paylio/paylio-v1/assets/images/features-built-frame.html]
[pixner.net/paylio/paylio-v1/assets/images/icon/arrow-right-2.html]
[pixner.net/paylio/paylio-v1/assets/images/icon/facebook.html]
[pixner.net/paylio/paylio-v1/assets/images/icon/linkedin.html]
[pixner.net/paylio/paylio-v1/assets/images/icon/instagram.html]
[pixner.net/paylio/paylio-v1/assets/images/icon/twitter.html]
[pixner.net/paylio/paylio-v1/terms-conditions.html]
[pixner.net/paylio/paylio-v1/privacy-policy.html]
[pixner.net/paylio/paylio-v1/assets/js/jquery.min.html]
[pixner.net/paylio/paylio-v1/assets/js/jquery-ui.html]
[pixner.net/paylio/paylio-v1/assets/js/bootstrap.min.html]
[pixner.net/paylio/paylio-v1/assets/js/fontawesome.html]
[pixner.net/paylio/paylio-v1/assets/js/plugin/slick.html]
[pixner.net/paylio/paylio-v1/assets/js/plugin/jquery.nice-select.min.html]
[pixner.net/paylio/paylio-v1/assets/js/plugin/counter.html]
[pixner.net/paylio/paylio-v1/assets/js/plugin/waypoint.min.html]
[pixner.net/paylio/paylio-v1/assets/js/plugin/jquery.magnific-popup.min.html]
[pixner.net/paylio/paylio-v1/assets/js/plugin/wow.min.html]
[pixner.net/paylio/paylio-v1/assets/js/plugin/plugin.html]
[pixner.net/paylio/paylio-v1/assets/js/main.html]
[pixner.net/paylio/paylio-v1/assets/webfonts/fa-brands-400.html]
[pixner.net/paylio/paylio-v1/assets/webfonts/fa-brands-400d41d.html]
[pixner.net/paylio/paylio-v1/assets/webfonts/fa-brands-401.html]
[pixner.net/paylio/paylio-v1/assets/webfonts/fa-brands-402.html]
[pixner.net/paylio/paylio-v1/assets/webfonts/fa-brands-403.html]
[pixner.net/paylio/paylio-v1/assets/webfonts/fa-brands-404.html]
[pixner.net/paylio/paylio-v1/assets/webfonts/fa-regular-400.html]
[pixner.net/paylio/paylio-v1/assets/webfonts/fa-regular-400d41d.html]
[pixner.net/paylio/paylio-v1/assets/webfonts/fa-regular-401.html]
[pixner.net/paylio/paylio-v1/assets/webfonts/fa-regular-402.html]
[pixner.net/paylio/paylio-v1/assets/webfonts/fa-regular-403.html]
[pixner.net/paylio/paylio-v1/assets/webfonts/fa-regular-404.html]
[pixner.net/paylio/paylio-v1/assets/webfonts/fa-solid-900.html]
[pixner.net/paylio/paylio-v1/assets/webfonts/fa-solid-900d41d.html]
[pixner.net/paylio/paylio-v1/assets/webfonts/fa-solid-901.html]
[pixner.net/paylio/paylio-v1/assets/webfonts/fa-solid-902.html]
[pixner.net/paylio/paylio-v1/assets/webfonts/fa-solid-903.html]
[pixner.net/paylio/paylio-v1/assets/webfonts/fa-solid-904.html]
[pixner.net/paylio/paylio-v1/assets/css/images/ui-icons_444444_256x240.html]
[pixner.net/paylio/paylio-v1/assets/css/images/ui-icons_555555_256x240.html]
[pixner.net/paylio/paylio-v1/assets/css/images/ui-icons_ffffff_256x240.html]
[pixner.net/paylio/paylio-v1/assets/css/images/ui-icons_777620_256x240.html]
[pixner.net/paylio/paylio-v1/assets/css/images/ui-icons_cc0000_256x240.html]
[pixner.net/paylio/paylio-v1/assets/css/images/ui-icons_777777_256x240.html]
[pixner.net/paylio/paylio-v1/assets/webfonts/arafat-font.html]
[pixner.net/paylio/paylio-v1/assets/webfonts/arafat-fontd41d.html]
[pixner.net/paylio/paylio-v1/assets/webfonts/arafat-font-2.html]
[pixner.net/paylio/paylio-v1/assets/webfonts/arafat-font-3.html]
[pixner.net/paylio/paylio-v1/assets/webfonts/arafat-font-4.html]
[pixner.net/paylio/paylio-v1/assets/images/preloader.html]
[pixner.net/paylio/paylio-v1/assets/images/banner-map.html]
[pixner.net/paylio/paylio-v1/assets/images/icon/flag-usa.html]
[pixner.net/paylio/paylio-v1/assets/images/icon/flag-aus.html]
[pixner.net/paylio/paylio-v1/assets/images/payment-banner-bg.html]
[pixner.net/paylio/paylio-v1/assets/images/payment-banner-2-bg.html]
[pixner.net/paylio/paylio-v1/assets/images/business-globe-1.html]
[pixner.net/paylio/paylio-v1/assets/images/business-globe-2.html]
[pixner.net/paylio/paylio-v1/assets/images/integrations-banner-bg.html]
[pixner.net/paylio/paylio-v1/assets/images/corporate-card-globe.html]
[pixner.net/paylio/paylio-v1/assets/images/corporate-banner-img.html]
[pixner.net/paylio/paylio-v1/assets/images/expense-illus.html]
[pixner.net/paylio/paylio-v1/assets/images/subscriptions-illus.html]
[pixner.net/paylio/paylio-v1/assets/images/budgeting-analytics-banner.html]
[pixner.net/paylio/paylio-v1/assets/images/icon/arrow-right-3.html]
[pixner.net/paylio/paylio-v1/assets/images/blog-banner.html]
[pixner.net/paylio/paylio-v1/assets/images/footer-bg-left.html]
[pixner.net/paylio/paylio-v1/assets/images/footer-bg-right.html]
[pixner.net/paylio/paylio-v1/assets/images/our-solutions-bg.html]
[pixner.net/paylio/paylio-v1/assets/images/business-model-bg.html]
[pixner.net/paylio/paylio-v1/assets/images/our-solutions-payment-bg.html]
[pixner.net/paylio/paylio-v1/assets/images/icon/how-works-arrow-1.html]
[pixner.net/paylio/paylio-v1/assets/images/icon/how-works-arrow-2.html]
[pixner.net/paylio/paylio-v1/assets/images/icon/how-works-arrow-4.html]
[pixner.net/paylio/paylio-v1/assets/images/icon/how-works-arrow-3.html]
[pixner.net/paylio/paylio-v1/assets/images/icon/left-arrow.html]
[pixner.net/paylio/paylio-v1/assets/images/icon/right-arrow.html]
[pixner.net/paylio/paylio-v1/assets/images/icon/minus-icon.html]
[pixner.net/paylio/paylio-v1/assets/images/icon/plus-icon.html]
[pixner.net/paylio/paylio-v1/assets/images/icon/faq-icon.html]
[pixner.net/paylio/paylio-v1/assets/images/more-features-illu-1.html]
[pixner.net/paylio/paylio-v1/assets/images/more-features-illu-2.html]
[pixner.net/paylio/paylio-v1/assets/images/accept-payments-bg.html]
[pixner.net/paylio/paylio-v1/assets/images/earn-spend-1.html]
[pixner.net/paylio/paylio-v1/assets/images/earn-spend-3.html]
[pixner.net/paylio/paylio-v1/assets/images/security-call-action.html]
[pixner.net/paylio/paylio-v1/assets/images/location-bg.html]
[pixner.net/paylio/paylio-v1/assets/images/icon/arrow-right-6.html]
[pixner.net/paylio/paylio-v1/assets/images/error.html]
[pixner.net/paylio/paylio-v1/assets/images/banner-box.html]
[pixner.net/paylio/paylio-v1/assets/images/banner-human.html]
[pixner.net/paylio/paylio-v1/assets/images/banner-rocket.html]
[pixner.net/paylio/paylio-v1/assets/images/banner-clock.html]
[pixner.net/paylio/paylio-v1/assets/images/banner-wallet.html]
[pixner.net/paylio/paylio-v1/assets/images/icon/conversion.html]
[pixner.net/paylio/paylio-v1/assets/images/global-payment-img.html]
[pixner.net/paylio/paylio-v1/assets/images/icon/global-payment-icon-1.html]
[pixner.net/paylio/paylio-v1/assets/images/icon/global-payment-icon-2.html]
[pixner.net/paylio/paylio-v1/assets/images/icon/global-payment-icon-3.html]
[pixner.net/paylio/paylio-v1/assets/images/icon/global-payment-icon-4.html]
[pixner.net/paylio/paylio-v1/assets/images/icon/our-solutions-icon-1.html]
[pixner.net/paylio/paylio-v1/assets/images/icon/our-solutions-icon-2.html]
[pixner.net/paylio/paylio-v1/assets/images/icon/our-solutions-icon-3.html]
[pixner.net/paylio/paylio-v1/assets/images/icon/our-solutions-icon-4.html]
[pixner.net/paylio/paylio-v1/assets/images/icon/how-works-icon-1.html]
[pixner.net/paylio/paylio-v1/assets/images/icon/how-works-icon-2.html]
[pixner.net/paylio/paylio-v1/assets/images/icon/how-works-icon-3.html]
[pixner.net/paylio/paylio-v1/assets/images/icon/how-works-icon-4.html]
[pixner.net/paylio/paylio-v1/assets/images/app-download-img.html]
[pixner.net/paylio/paylio-v1/assets/images/icon/check.html]
[pixner.net/paylio/paylio-v1/assets/images/GooglePlay-btn.html]
[pixner.net/paylio/paylio-v1/assets/images/apple-btn.html]
[pixner.net/paylio/paylio-v1/assets/images/testimonials-img-1.html]
[pixner.net/paylio/paylio-v1/assets/images/testimonials-img-2.html]
[pixner.net/paylio/paylio-v1/assets/images/testimonials-img-3.html]
[pixner.net/paylio/paylio-v1/assets/images/subscriptions-features.html]
[pixner.net/paylio/paylio-v1/assets/images/subscriptions-features-2.html]
[pixner.net/paylio/paylio-v1/assets/images/security-shape-1.html]
[pixner.net/paylio/paylio-v1/assets/images/security-shape-2.html]
[pixner.net/paylio/paylio-v1/assets/images/security-shape-3.html]
[pixner.net/paylio/paylio-v1/assets/images/security-features-1.html]
[pixner.net/paylio/paylio-v1/assets/images/security-features-2.html]
[pixner.net/paylio/paylio-v1/assets/images/banner-fees.html]
[pixner.net/paylio/paylio-v1/assets/images/icon/check-4.html]
[pixner.net/paylio/paylio-v1/assets/images/country/01.html]
[pixner.net/paylio/paylio-v1/assets/images/country/02.html]
[pixner.net/paylio/paylio-v1/assets/images/country/03.html]
[pixner.net/paylio/paylio-v1/assets/images/country/04.html]
[pixner.net/paylio/paylio-v1/assets/images/country/05.html]
[pixner.net/paylio/paylio-v1/assets/images/country/06.html]
[pixner.net/paylio/paylio-v1/assets/images/country/07.html]
[pixner.net/paylio/paylio-v1/assets/images/country/08.html]
[pixner.net/paylio/paylio-v1/assets/images/country/09.html]
[pixner.net/paylio/paylio-v1/assets/images/country/10.html]
[pixner.net/paylio/paylio-v1/assets/images/country/11.html]
[pixner.net/paylio/paylio-v1/assets/images/country/12.html]
[pixner.net/paylio/paylio-v1/assets/images/country/13.html]
[pixner.net/paylio/paylio-v1/assets/images/country/14.html]
[pixner.net/paylio/paylio-v1/assets/images/country/15.html]
[pixner.net/paylio/paylio-v1/assets/images/country/16.html]
[pixner.net/paylio/paylio-v1/assets/images/country/17.html]
[pixner.net/paylio/paylio-v1/assets/images/country/18.html]
[pixner.net/paylio/paylio-v1/assets/images/country/19.html]
[pixner.net/paylio/paylio-v1/assets/images/country/20.html]
[pixner.net/paylio/paylio-v1/assets/images/icon/check-2.html]
[pixner.net/paylio/paylio-v1/assets/images/business-dashboard-1.html]
[pixner.net/paylio/paylio-v1/assets/images/business-dashboard-2.html]
[pixner.net/paylio/paylio-v1/assets/images/business-features-1.html]
[pixner.net/paylio/paylio-v1/assets/images/business-features-2.html]
[pixner.net/paylio/paylio-v1/assets/images/business-features-3.html]
[pixner.net/paylio/paylio-v1/assets/images/icon/aws.html]
[pixner.net/paylio/paylio-v1/assets/images/icon/shopify.html]
[pixner.net/paylio/paylio-v1/assets/images/icon/magento.html]
[pixner.net/paylio/paylio-v1/assets/images/icon/xero.html]
[pixner.net/paylio/paylio-v1/assets/images/icon/features-corporate-icon-1.html]
[pixner.net/paylio/paylio-v1/assets/images/icon/features-corporate-icon-2.html]
[pixner.net/paylio/paylio-v1/assets/images/icon/features-corporate-icon-3.html]
[pixner.net/paylio/paylio-v1/assets/images/multi-currency-img.html]
[pixner.net/paylio/paylio-v1/assets/images/earn-cashback-image.html]
[pixner.net/paylio/paylio-v1/assets/images/icon/stay-control-icon-1.html]
[pixner.net/paylio/paylio-v1/assets/images/icon/stay-control-icon-2.html]
[pixner.net/paylio/paylio-v1/assets/images/icon/stay-control-icon-3.html]
[pixner.net/paylio/paylio-v1/assets/images/icon/stay-control-icon-4.html]
[pixner.net/paylio/paylio-v1/assets/images/stay-control-image.html]
[pixner.net/paylio/paylio-v1/assets/images/secure-integrated-illu.html]
[pixner.net/paylio/paylio-v1/assets/images/icon/check-3.html]
[pixner.net/paylio/paylio-v1/assets/images/team-instantly.html]
[pixner.net/paylio/paylio-v1/assets/images/costly-surprises.html]
[pixner.net/paylio/paylio-v1/assets/images/budgeting-analytics-features.html]
[pixner.net/paylio/paylio-v1/assets/images/budgeting-analytics-features-2.html]
[pixner.net/paylio/paylio-v1/assets/images/integrations-banner.html]
[pixner.net/paylio/paylio-v1/assets/images/integrations-features-1.html]
[pixner.net/paylio/paylio-v1/assets/images/integrations-features-2.html]
[pixner.net/paylio/paylio-v1/assets/images/integrations-features-3.html]
[pixner.net/paylio/paylio-v1/assets/images/icon/invoice-icon-1.html]
[pixner.net/paylio/paylio-v1/assets/images/icon/invoice-icon-2.html]
[pixner.net/paylio/paylio-v1/assets/images/icon/invoice-icon-3.html]
[pixner.net/paylio/paylio-v1/assets/images/invoice-features-1.html]
[pixner.net/paylio/paylio-v1/assets/images/invoice-features-2.html]
[pixner.net/paylio/paylio-v1/assets/images/invoice-features-3.html]
[pixner.net/paylio/paylio-v1/assets/images/invoice-features-4.html]
[pixner.net/paylio/paylio-v1/assets/images/invoice-features-5.html]
[pixner.net/paylio/paylio-v1/assets/images/rewards-banner-1.html]
[pixner.net/paylio/paylio-v1/assets/images/rewards-banner-2.html]
[pixner.net/paylio/paylio-v1/assets/images/icon/partner-logo-4.html]
[pixner.net/paylio/paylio-v1/assets/images/icon/partner-logo-5.html]
[pixner.net/paylio/paylio-v1/assets/images/icon/partner-logo-1.html]
[pixner.net/paylio/paylio-v1/assets/images/icon/partner-logo-2.html]
[pixner.net/paylio/paylio-v1/assets/images/icon/partner-logo-3.html]
[pixner.net/paylio/paylio-v1/assets/images/icon/partner-logo-6.html]
[pixner.net/paylio/paylio-v1/assets/images/icon/partner-logo-7.html]
[pixner.net/paylio/paylio-v1/assets/images/icon/partner-logo-8.html]
[pixner.net/paylio/paylio-v1/assets/images/icon/partner-logo-9.html]
[pixner.net/paylio/paylio-v1/assets/images/about-popup.html]
[pixner.net/paylio/paylio-v1/assets/images/icon/popup-icon.html]
[pixner.net/paylio/paylio-v1/assets/images/icon/stats-info-icon-1.html]
[pixner.net/paylio/paylio-v1/assets/images/icon/stats-info-icon-2.html]
[pixner.net/paylio/paylio-v1/assets/images/icon/stats-info-icon-3.html]
[pixner.net/paylio/paylio-v1/assets/images/icon/values-icon-1.html]
[pixner.net/paylio/paylio-v1/assets/images/icon/values-icon-2.html]
[pixner.net/paylio/paylio-v1/assets/images/icon/values-icon-3.html]
[pixner.net/paylio/paylio-v1/assets/images/icon/values-icon-4.html]
[pixner.net/paylio/paylio-v1/assets/images/team-image-1.html]
[pixner.net/paylio/paylio-v1/assets/images/team-image-2.html]
[pixner.net/paylio/paylio-v1/assets/images/team-image-3.html]
[pixner.net/paylio/paylio-v1/assets/images/team-image-4.html]
[pixner.net/paylio/paylio-v1/assets/images/team-image-5.html]
[pixner.net/paylio/paylio-v1/assets/images/team-image-6.html]
[pixner.net/paylio/paylio-v1/assets/images/icon/location-icon-1.html]
[pixner.net/paylio/paylio-v1/assets/images/icon/email-icon-1.html]
[pixner.net/paylio/paylio-v1/assets/images/icon/phone-icon-1.html]
[pixner.net/paylio/paylio-v1/assets/images/icon/arrow-right-4.html]
[pixner.net/paylio/paylio-v1/assets/images/icon/location-icon-2.html]
[pixner.net/paylio/paylio-v1/assets/images/icon/email-icon-2.html]
[pixner.net/paylio/paylio-v1/assets/images/icon/phone-icon-2.html]
[pixner.net/paylio/paylio-v1/assets/images/icon/location-icon-3.html]
[pixner.net/paylio/paylio-v1/assets/images/icon/email-icon-3.html]
[pixner.net/paylio/paylio-v1/assets/images/icon/phone-icon-3.html]
[pixner.net/cdn-cgi/scripts/5c5dd728/cloudflare-static/email-decode.min.html]
[pixner.net/paylio/paylio-v1/assets/images/banner-career.html]
[pixner.net/paylio/paylio-v1/assets/images/icon/arrow-right-5.html]
[pixner.net/paylio/paylio-v1/assets/images/icon/perks-icon-1.html]
[pixner.net/paylio/paylio-v1/assets/images/icon/perks-icon-2.html]
[pixner.net/paylio/paylio-v1/assets/images/icon/perks-icon-3.html]
[pixner.net/paylio/paylio-v1/assets/images/icon/perks-icon-4.html]
[pixner.net/paylio/paylio-v1/assets/images/icon/perks-icon-5.html]
[pixner.net/paylio/paylio-v1/assets/images/icon/perks-icon-6.html]
[pixner.net/paylio/paylio-v1/assets/images/banner-blog.html]
[pixner.net/paylio/paylio-v1/assets/images/icon/search-icon-2.html]
[pixner.net/paylio/paylio-v1/assets/images/blog-image-1.html]
[pixner.net/paylio/paylio-v1/assets/images/blog-user.html]
[pixner.net/paylio/paylio-v1/assets/images/blog-image-2.html]
[pixner.net/paylio/paylio-v1/assets/images/blog-image-3.html]
[pixner.net/paylio/paylio-v1/assets/images/blog-image-4.html]
[pixner.net/paylio/paylio-v1/assets/images/blog-image-5.html]
[pixner.net/paylio/paylio-v1/assets/images/blog-image-6.html]
[pixner.net/paylio/paylio-v1/assets/images/blog-image-7.html]
[pixner.net/paylio/paylio-v1/assets/images/blog-user-2.html]
[pixner.net/paylio/paylio-v1/assets/images/blog-image-8.html]
[pixner.net/paylio/paylio-v1/assets/images/blog-image-9.html]
[pixner.net/paylio/paylio-v1/assets/images/blog-image-10.html]
[pixner.net/paylio/paylio-v1/assets/images/blog-image-11.html]
[pixner.net/paylio/paylio-v1/assets/images/blog-user-3.html]
[pixner.net/paylio/paylio-v1/assets/images/blog-image-12.html]
[pixner.net/paylio/paylio-v1/assets/images/blog-image-13.html]
[pixner.net/paylio/paylio-v1/assets/images/blog-image-14.html]
[pixner.net/paylio/paylio-v1/assets/images/profile-img.html]
[pixner.net/paylio/paylio-v1/assets/images/icon/search-icon.html]
[pixner.net/paylio/paylio-v1/assets/images/icon/personal-icon-1.html]
[pixner.net/paylio/paylio-v1/assets/images/icon/personal-icon-2.html]
[pixner.net/paylio/paylio-v1/assets/images/icon/personal-icon-3.html]
[pixner.net/paylio/paylio-v1/assets/images/icon/personal-icon-4.html]
[pixner.net/paylio/paylio-v1/assets/images/icon/personal-icon-5.html]
[pixner.net/paylio/paylio-v1/assets/images/icon/personal-icon-6.html]
[pixner.net/paylio/paylio-v1/assets/images/icon/personal-icon-7.html]
[pixner.net/paylio/paylio-v1/assets/images/icon/business-icon-1.html]
[pixner.net/paylio/paylio-v1/assets/images/icon/business-icon-2.html]
[pixner.net/paylio/paylio-v1/assets/images/icon/business-icon-3.html]
[pixner.net/paylio/paylio-v1/assets/images/icon/business-icon-4.html]
[pixner.net/paylio/paylio-v1/assets/images/icon/business-icon-5.html]
[pixner.net/paylio/paylio-v1/assets/images/icon/business-icon-6.html]
[pixner.net/paylio/paylio-v1/assets/images/icon/business-icon-7.html]
[pixner.net/paylio/paylio-v1/assets/images/icon/business-icon-8.html]
[pixner.net/paylio/paylio-v1/assets/images/login-reg-bg.html]
